2024-09-18 16:57:26 0 [Note] Starting MariaDB 11.5.2-MariaDB source revision ea75a0b6009b0251e83193cd38c3974e36b65e06 server_uid HgfIm8FW70MbFDzlZ1by6+eOCEA= as process 12452
2024-09-18 16:57:27 0 [Note] InnoDB: Compressed tables use zlib 1.3.1
2024-09-18 16:57:27 0 [Note] InnoDB: Number of transaction pools: 1
2024-09-18 16:57:27 0 [Note] InnoDB: Using crc32 + pclmulqdq instructions
2024-09-18 16:57:27 0 [Note] InnoDB: Initializing buffer pool, total size = 1.955GiB, chunk size = 31.281MiB
2024-09-18 16:57:27 0 [Note] InnoDB: Completed initialization of buffer pool
2024-09-18 16:57:27 0 [Note] InnoDB: File system buffers for log disabled (block size=512 bytes)
2024-09-18 16:57:27 0 [Note] InnoDB: End of log at LSN=47629
2024-09-18 16:57:27 0 [Note] InnoDB: Opened 3 undo tablespaces
2024-09-18 16:57:27 0 [Note] InnoDB: 128 rollback segments in 3 undo tablespaces are active.
2024-09-18 16:57:27 0 [Note] InnoDB: Setting file './ibtmp1' size to 12.000MiB. Physically writing the file full; Please wait ...
2024-09-18 16:57:27 0 [Note] InnoDB: File './ibtmp1' size is now 12.000MiB.
2024-09-18 16:57:27 0 [Note] InnoDB: log sequence number 47629; transaction id 14
2024-09-18 16:57:27 0 [Note] Plugin 'FEEDBACK' is disabled.
2024-09-18 16:57:27 0 [Note] InnoDB: Loading buffer pool(s) from D:\Projects\Github\4th-Wheeler\MariaDB\data\ib_buffer_pool
2024-09-18 16:57:27 0 [Note] mysqld.exe: SSPI: using principal name 'localhost', mech 'Negotiate'
2024-09-18 16:57:27 0 [Note] InnoDB: Buffer pool(s) load completed at 240918 16:57:27
2024-09-18 16:57:27 0 [Note] Server socket created on IP: '::'.
2024-09-18 16:57:27 0 [Note] Server socket created on IP: '0.0.0.0'.
2024-09-18 16:57:27 0 [Note] mysqld.exe: Event Scheduler: Loaded 0 events
2024-09-18 16:57:27 0 [Note] D:\Projects\Github\4th-Wheeler\MariaDB\bin\mysqld.exe: ready for connections.
Version: '11.5.2-MariaDB'  socket: ''  port: 3306  mariadb.org binary distribution
2024-09-18 17:42:02 0 [Note] Starting MariaDB 11.5.2-MariaDB source revision ea75a0b6009b0251e83193cd38c3974e36b65e06 server_uid HgfIm8FW70MbFDzlZ1by6+eOCEA= as process 11300
2024-09-18 17:42:02 0 [Note] InnoDB: Compressed tables use zlib 1.3.1
2024-09-18 17:42:02 0 [Note] InnoDB: Number of transaction pools: 1
2024-09-18 17:42:02 0 [Note] InnoDB: Using crc32 + pclmulqdq instructions
2024-09-18 17:42:02 0 [Note] InnoDB: Initializing buffer pool, total size = 1.955GiB, chunk size = 31.281MiB
2024-09-18 17:42:02 0 [Note] InnoDB: Completed initialization of buffer pool
2024-09-18 17:42:02 0 [Note] InnoDB: File system buffers for log disabled (block size=512 bytes)
2024-09-18 17:42:02 0 [Note] InnoDB: End of log at LSN=47629
2024-09-18 17:42:02 0 [Note] InnoDB: Opened 3 undo tablespaces
2024-09-18 17:42:02 0 [Note] InnoDB: 128 rollback segments in 3 undo tablespaces are active.
2024-09-18 17:42:02 0 [Note] InnoDB: Removed temporary tablespace data file: "./ibtmp1"
2024-09-18 17:42:02 0 [Note] InnoDB: Setting file './ibtmp1' size to 12.000MiB. Physically writing the file full; Please wait ...
2024-09-18 17:42:02 0 [Note] InnoDB: File './ibtmp1' size is now 12.000MiB.
2024-09-18 17:42:02 0 [Note] InnoDB: log sequence number 47629; transaction id 14
2024-09-18 17:42:02 0 [Note] InnoDB: Loading buffer pool(s) from D:\Projects\Github\4th-Wheeler\MariaDB\data\ib_buffer_pool
2024-09-18 17:42:02 0 [Note] Plugin 'FEEDBACK' is disabled.
2024-09-18 17:42:02 0 [Note] mysqld.exe: SSPI: using principal name 'localhost', mech 'Negotiate'
2024-09-18 17:42:02 0 [Note] InnoDB: Buffer pool(s) load completed at 240918 17:42:02
2024-09-18 17:42:02 0 [Note] Recovering after a crash using tc.log
2024-09-18 17:42:02 0 [Note] Starting table crash recovery...
2024-09-18 17:42:02 0 [Note] Crash table recovery finished.
2024-09-18 17:42:04 0 [Note] Server socket created on IP: '::'.
2024-09-18 17:42:04 0 [Note] Server socket created on IP: '0.0.0.0'.
2024-09-18 17:42:04 0 [Note] mysqld.exe: Event Scheduler: Loaded 0 events
2024-09-18 17:42:04 0 [Note] D:\Projects\Github\4th-Wheeler\MariaDB\bin\mysqld.exe: ready for connections.
Version: '11.5.2-MariaDB'  socket: ''  port: 3306  mariadb.org binary distribution
2024-09-18 17:52:06 0 [Note] Windows service "MariaDB":  received SERVICE_CONTROL_STOP
2024-09-18 17:52:06 0 [Note] D:\Projects\Github\4th-Wheeler\MariaDB\bin\mysqld.exe (initiated by: unknown): Normal shutdown
2024-09-18 17:52:06 0 [Note] InnoDB: FTS optimize thread exiting.
2024-09-18 17:52:06 0 [Note] InnoDB: Starting shutdown...
2024-09-18 17:52:06 0 [Note] InnoDB: Dumping buffer pool(s) to D:\Projects\Github\4th-Wheeler\MariaDB\data\ib_buffer_pool
2024-09-18 17:52:06 0 [Note] InnoDB: Buffer pool(s) dump completed at 240918 17:52:06
2024-09-18 17:52:07 0 [Note] InnoDB: Removed temporary tablespace data file: "./ibtmp1"
2024-09-18 17:52:07 0 [Note] InnoDB: Shutdown completed; log sequence number 47629; transaction id 15
2024-09-18 17:52:07 0 [Note] D:\Projects\Github\4th-Wheeler\MariaDB\bin\mysqld.exe: Shutdown complete

2024-09-18 17:52:31 0 [Note] Starting MariaDB 11.5.2-MariaDB source revision ea75a0b6009b0251e83193cd38c3974e36b65e06 server_uid HgfIm8FW70MbFDzlZ1by6+eOCEA= as process 11432
2024-09-18 17:52:31 0 [Note] InnoDB: Compressed tables use zlib 1.3.1
2024-09-18 17:52:31 0 [Note] InnoDB: Number of transaction pools: 1
2024-09-18 17:52:31 0 [Note] InnoDB: Using crc32 + pclmulqdq instructions
2024-09-18 17:52:31 0 [Note] InnoDB: Initializing buffer pool, total size = 1.955GiB, chunk size = 31.281MiB
2024-09-18 17:52:31 0 [Note] InnoDB: Completed initialization of buffer pool
2024-09-18 17:52:31 0 [Note] InnoDB: File system buffers for log disabled (block size=512 bytes)
2024-09-18 17:52:31 0 [Note] InnoDB: End of log at LSN=47629
2024-09-18 17:52:31 0 [Note] InnoDB: Opened 3 undo tablespaces
2024-09-18 17:52:31 0 [Note] InnoDB: 128 rollback segments in 3 undo tablespaces are active.
2024-09-18 17:52:31 0 [Note] InnoDB: Setting file './ibtmp1' size to 12.000MiB. Physically writing the file full; Please wait ...
2024-09-18 17:52:31 0 [Note] InnoDB: File './ibtmp1' size is now 12.000MiB.
2024-09-18 17:52:31 0 [Note] InnoDB: log sequence number 47629; transaction id 14
2024-09-18 17:52:31 0 [Note] Plugin 'FEEDBACK' is disabled.
2024-09-18 17:52:31 0 [Note] InnoDB: Loading buffer pool(s) from D:\Projects\Github\4th-Wheeler\MariaDB\data\ib_buffer_pool
2024-09-18 17:52:31 0 [Note] mysqld.exe: SSPI: using principal name 'localhost', mech 'Negotiate'
2024-09-18 17:52:31 0 [Note] InnoDB: Buffer pool(s) load completed at 240918 17:52:31
2024-09-18 17:52:31 0 [Note] Server socket created on IP: '::'.
2024-09-18 17:52:31 0 [Note] Server socket created on IP: '0.0.0.0'.
2024-09-18 17:52:31 0 [Note] mysqld.exe: Event Scheduler: Loaded 0 events
2024-09-18 17:52:31 0 [Note] D:\Projects\Github\4th-Wheeler\MariaDB\bin\mysqld.exe: ready for connections.
Version: '11.5.2-MariaDB'  socket: ''  port: 3306  mariadb.org binary distribution
